/Logical/Global.typ
/Logical/Global.var
/Logical/Libraries/Operator/operator.fun
/Logical/Libraries/Operator
/Logical/Libraries/Runtime/runtime.var
/Logical/Libraries/Runtime/runtime.typ
/Logical/Libraries/Runtime/runtime.fun
/Logical/Libraries/Runtime
/Logical/Libraries/AsTime/astime.var
/Logical/Libraries/AsTime/astime.typ
/Logical/Libraries/AsTime/astime.fun
/Logical/Libraries/AsTime
/Logical/Libraries/AsIecCon/AsIecCon.fun
/Logical/Libraries/AsIecCon
/Logical/Libraries/asstring/asstring.fun
/Logical/Libraries/asstring
/Logical/Libraries/AsARCfg/AsARCfg.var
/Logical/Libraries/AsARCfg/AsARCfg.typ
/Logical/Libraries/AsARCfg/AsARCfg.fun
/Logical/Libraries/AsARCfg
/Logical/Libraries/FileIO/FileIO.var
/Logical/Libraries/FileIO/FileIO.typ
/Logical/Libraries/FileIO/FileIO.fun
/Logical/Libraries/FileIO
/Logical/Libraries/AsTCP/AsTCP.var
/Logical/Libraries/AsTCP/AsTCP.typ
/Logical/Libraries/AsTCP/AsTCP.fun
/Logical/Libraries/AsTCP
/Logical/Libraries/visapi/Visapi.typ
/Logical/Libraries/visapi/Visapi.fun
/Logical/Libraries/visapi/Visapi.var
/Logical/Libraries/visapi
/Logical/Libraries
/Logical/FTP/FTP/FTP.st
/Logical/FTP/FTP/FTP.typ
/Logical/FTP/FTP/FTP.var
/Logical/FTP/FTP
/Logical/FTP
/Logical/handler/handlerCyclic.c
/Logical/handler/handler.var
/Logical/handler
/Logical/Visu/VCObject.vc
/Logical/Visu
/Physical/PP120/Hardware.hc
/Physical/PP120/PLC1/Cpu.sw
/Physical/PP120/PLC1/Cpu.per
/Physical/PP120/PLC1/IoMap.iom
/Physical/PP120/PLC1/PvMap.vvm
/Physical/PP120/PLC1/Visual.vcm
/Physical/PP120/PLC1/ArConfig.rtc
/Physical/PP120/PLC1/sysconf.br
/Physical/PP120/PLC1/sysconf.syc
/Physical/PP120/PLC1
