C:\Users\florian\Google Drive\Schule\Projekt\Software\own\IntelliRack\Drives\Logical\Global.typ
C:\Users\florian\Google Drive\Schule\Projekt\Software\own\IntelliRack\Drives\Logical\Global.var
C:\Users\florian\Google Drive\Schule\Projekt\Software\own\IntelliRack\Drives\Logical\Libraries\Operator\operator.fun
C:\Users\florian\Google Drive\Schule\Projekt\Software\own\IntelliRack\Drives\Logical\Libraries\Runtime\runtime.var
C:\Users\florian\Google Drive\Schule\Projekt\Software\own\IntelliRack\Drives\Logical\Libraries\Runtime\runtime.typ
C:\Users\florian\Google Drive\Schule\Projekt\Software\own\IntelliRack\Drives\Logical\Libraries\Runtime\runtime.fun
C:\Users\florian\Google Drive\Schule\Projekt\Software\own\IntelliRack\Drives\Logical\Libraries\AsTime\astime.var
C:\Users\florian\Google Drive\Schule\Projekt\Software\own\IntelliRack\Drives\Logical\Libraries\AsTime\astime.typ
C:\Users\florian\Google Drive\Schule\Projekt\Software\own\IntelliRack\Drives\Logical\Libraries\AsTime\astime.fun
C:\Users\florian\Google Drive\Schule\Projekt\Software\own\IntelliRack\Drives\Logical\Libraries\AsIecCon\AsIecCon.fun
C:\Users\florian\Google Drive\Schule\Projekt\Software\own\IntelliRack\Drives\Logical\Libraries\Acp10sdc\acp10sdc.var
C:\Users\florian\Google Drive\Schule\Projekt\Software\own\IntelliRack\Drives\Logical\Libraries\Acp10sdc\acp10sdc.typ
C:\Users\florian\Google Drive\Schule\Projekt\Software\own\IntelliRack\Drives\Logical\Libraries\Acp10man\Acp10man.typ
C:\Users\florian\Google Drive\Schule\Projekt\Software\own\IntelliRack\Drives\Logical\Libraries\Acp10par\Acp10par.var
C:\Users\florian\Google Drive\Schule\Projekt\Software\own\IntelliRack\Drives\Logical\Libraries\NcGlobal\Ncglobal.fun
C:\Users\florian\Google Drive\Schule\Projekt\Software\own\IntelliRack\Drives\Logical\Libraries\NcGlobal\Ncglobal.typ
C:\Users\florian\Google Drive\Schule\Projekt\Software\own\IntelliRack\Drives\Logical\Libraries\NcGlobal\Ncglobal.var
C:\Users\florian\Google Drive\Schule\Projekt\Software\own\IntelliRack\Drives\Logical\Libraries\asstring\asstring.fun
C:\Users\florian\Google Drive\Schule\Projekt\Software\own\IntelliRack\Drives\Logical\Libraries\AsIOAcc\AsIOAcc.var
C:\Users\florian\Google Drive\Schule\Projekt\Software\own\IntelliRack\Drives\Logical\Libraries\AsIOAcc\AsIOAcc.typ
C:\Users\florian\Google Drive\Schule\Projekt\Software\own\IntelliRack\Drives\Logical\Libraries\AsIOAcc\AsIOAcc.fun
C:\Users\florian\Google Drive\Schule\Projekt\Software\own\IntelliRack\Drives\Logical\Libraries\AsIO\AsIO.var
C:\Users\florian\Google Drive\Schule\Projekt\Software\own\IntelliRack\Drives\Logical\Libraries\AsIO\AsIO.fun
