C:\Users\florian\Google Drive\Schule\Projekt\Software\own\IntelliRack\Panel\Logical\Global.typ
C:\Users\florian\Google Drive\Schule\Projekt\Software\own\IntelliRack\Panel\Logical\Global.var
C:\Users\florian\Google Drive\Schule\Projekt\Software\own\IntelliRack\Panel\Logical\Libraries\Operator\operator.fun
C:\Users\florian\Google Drive\Schule\Projekt\Software\own\IntelliRack\Panel\Logical\Libraries\Runtime\runtime.var
C:\Users\florian\Google Drive\Schule\Projekt\Software\own\IntelliRack\Panel\Logical\Libraries\Runtime\runtime.typ
C:\Users\florian\Google Drive\Schule\Projekt\Software\own\IntelliRack\Panel\Logical\Libraries\Runtime\runtime.fun
C:\Users\florian\Google Drive\Schule\Projekt\Software\own\IntelliRack\Panel\Logical\Libraries\AsTime\astime.var
C:\Users\florian\Google Drive\Schule\Projekt\Software\own\IntelliRack\Panel\Logical\Libraries\AsTime\astime.typ
C:\Users\florian\Google Drive\Schule\Projekt\Software\own\IntelliRack\Panel\Logical\Libraries\AsTime\astime.fun
C:\Users\florian\Google Drive\Schule\Projekt\Software\own\IntelliRack\Panel\Logical\Libraries\AsIecCon\AsIecCon.fun
C:\Users\florian\Google Drive\Schule\Projekt\Software\own\IntelliRack\Panel\Logical\Libraries\asstring\asstring.fun
C:\Users\florian\Google Drive\Schule\Projekt\Software\own\IntelliRack\Panel\Logical\Libraries\AsARCfg\AsARCfg.var
C:\Users\florian\Google Drive\Schule\Projekt\Software\own\IntelliRack\Panel\Logical\Libraries\AsARCfg\AsARCfg.typ
C:\Users\florian\Google Drive\Schule\Projekt\Software\own\IntelliRack\Panel\Logical\Libraries\AsARCfg\AsARCfg.fun
C:\Users\florian\Google Drive\Schule\Projekt\Software\own\IntelliRack\Panel\Logical\Libraries\FileIO\FileIO.var
C:\Users\florian\Google Drive\Schule\Projekt\Software\own\IntelliRack\Panel\Logical\Libraries\FileIO\FileIO.typ
C:\Users\florian\Google Drive\Schule\Projekt\Software\own\IntelliRack\Panel\Logical\Libraries\FileIO\FileIO.fun
C:\Users\florian\Google Drive\Schule\Projekt\Software\own\IntelliRack\Panel\Logical\Libraries\AsTCP\AsTCP.var
C:\Users\florian\Google Drive\Schule\Projekt\Software\own\IntelliRack\Panel\Logical\Libraries\AsTCP\AsTCP.typ
C:\Users\florian\Google Drive\Schule\Projekt\Software\own\IntelliRack\Panel\Logical\Libraries\AsTCP\AsTCP.fun
C:\Users\florian\Google Drive\Schule\Projekt\Software\own\IntelliRack\Panel\Logical\Libraries\visapi\Visapi.typ
C:\Users\florian\Google Drive\Schule\Projekt\Software\own\IntelliRack\Panel\Logical\Libraries\visapi\Visapi.fun
C:\Users\florian\Google Drive\Schule\Projekt\Software\own\IntelliRack\Panel\Logical\Libraries\visapi\Visapi.var
